../Core/Src/Game_engine.c:19:13:add_tiles	32	static
../Core/Src/Game_engine.c:26:6:Mahjong_Init	8	static
../Core/Src/Game_engine.c:31:6:Mahjong_Generate_New_Layout	48	static
../Core/Src/Game_engine.c:53:10:Mahjong_Get_Board_State	8	static
../Core/Src/Game_engine.c:58:6:Mahjong_SetPlayerName	16	static
../Core/Src/Game_engine.c:63:7:Mahjong_GetPlayerName	8	static
../Core/Src/Game_engine.c:69:6:Timer_Start	8	static
../Core/Src/Game_engine.c:74:10:Timer_GetSeconds	8	static
../Core/Src/Game_engine.c:79:6:Timer_Tick	8	static
