../Core/Src/main.c:59:9:Calc_CRC	24	static
../Core/Src/main.c:65:6:HAL_TIM_PeriodElapsedCallback	16	static
../Core/Src/main.c:73:6:HAL_UART_RxCpltCallback	16	static
../Core/Src/main.c:86:5:main	40	static
../Core/Src/main.c:230:6:SystemClock_Config	104	static
../Core/Src/main.c:271:13:MX_TIM2_Init	32	static
../Core/Src/main.c:319:13:MX_USART1_UART_Init	8	static
../Core/Src/main.c:354:13:MX_GPIO_Init	48	static
../Core/Src/main.c:381:6:HAL_UART_ErrorCallback	16	static
../Core/Src/main.c:400:6:Error_Handler	8	static,ignoring_inline_asm
